TAP version 13
# Subtest: form login: wrong password → 303 to RELATIVE /login?error=1
ok 1 - form login: wrong password → 303 to RELATIVE /login?error=1
  ---
  duration_ms: 14.529167
  type: 'test'
  ...
# Subtest: form login: correct password → 303 to RELATIVE / with HttpOnly auth cookie
ok 2 - form login: correct password → 303 to RELATIVE / with HttpOnly auth cookie
  ---
  duration_ms: 6.227708
  type: 'test'
  ...
# Subtest: redirect Location ignores spoofed Host / X-Forwarded-Host (no open redirect)
ok 3 - redirect Location ignores spoofed Host / X-Forwarded-Host (no open redirect)
  ---
  duration_ms: 2.322875
  type: 'test'
  ...
# Subtest: JSON login: correct → ok + cookie; wrong → 401
ok 4 - JSON login: correct → ok + cookie; wrong → 401
  ---
  duration_ms: 2.508125
  type: 'test'
  ...
# Subtest: JSON login: locks out after N failed attempts (429 + Retry-After)
ok 5 - JSON login: locks out after N failed attempts (429 + Retry-After)
  ---
  duration_ms: 4.298541
  type: 'test'
  ...
# Subtest: form login: over-limit → 303 /login?error=rate with Retry-After
ok 6 - form login: over-limit → 303 /login?error=rate with Retry-After
  ---
  duration_ms: 2.432041
  type: 'test'
  ...
# Subtest: a successful login resets the client's failure budget
ok 7 - a successful login resets the client's failure budget
  ---
  duration_ms: 2.80225
  type: 'test'
  ...
# Subtest: resolveDispatchRuntime — same-provider parent pushes model + effort to child
ok 8 - resolveDispatchRuntime — same-provider parent pushes model + effort to child
  ---
  duration_ms: 1.71675
  type: 'test'
  ...
# Subtest: resolveDispatchRuntime — parent provider overrides target persona's default provider
ok 9 - resolveDispatchRuntime — parent provider overrides target persona's default provider
  ---
  duration_ms: 0.100083
  type: 'test'
  ...
# Subtest: resolveDispatchRuntime — action providerId override wins over parent
ok 10 - resolveDispatchRuntime — action providerId override wins over parent
  ---
  duration_ms: 0.088958
  type: 'test'
  ...
# Subtest: resolveDispatchRuntime — action model + effort override both parent + persona
ok 11 - resolveDispatchRuntime — action model + effort override both parent + persona
  ---
  duration_ms: 0.096334
  type: 'test'
  ...
# Subtest: resolveDispatchRuntime — effort is dropped when resolved provider doesn't advertise it
ok 12 - resolveDispatchRuntime — effort is dropped when resolved provider doesn't advertise it
  ---
  duration_ms: 0.048333
  type: 'test'
  ...
# Subtest: resolveDispatchRuntime — falls back to target persona when parent has no provider
ok 13 - resolveDispatchRuntime — falls back to target persona when parent has no provider
  ---
  duration_ms: 0.04725
  type: 'test'
  ...
# Subtest: readSkillCatalog returns nothing from a fresh legacy home
ok 14 - readSkillCatalog returns nothing from a fresh legacy home
  ---
  duration_ms: 1.607
  type: 'test'
  ...
# Subtest: readSkillCatalog reads heading + description from SKILL.md
ok 15 - readSkillCatalog reads heading + description from SKILL.md
  ---
  duration_ms: 14.117541
  type: 'test'
  ...
# Subtest: syncSkillsToTmpdir symlinks selected skills, ignores unknown
ok 16 - syncSkillsToTmpdir symlinks selected skills, ignores unknown
  ---
  duration_ms: 4.12175
  type: 'test'
  ...
# Subtest: syncSkillsToTmpdir returns null when selection or catalog is empty
ok 17 - syncSkillsToTmpdir returns null when selection or catalog is empty
  ---
  duration_ms: 3.496541
  type: 'test'
  ...
# Subtest: syncSkillsToTmpdir is idempotent — re-sync reflects new selection
ok 18 - syncSkillsToTmpdir is idempotent — re-sync reflects new selection
  ---
  duration_ms: 1.88775
  type: 'test'
  ...
# Subtest: claudeLocalAdapter executes a structured print-mode stream
ok 19 - claudeLocalAdapter executes a structured print-mode stream
  ---
  duration_ms: 330.098542
  type: 'test'
  ...
# Subtest: codexLocalAdapter executes a structured json event stream
ok 20 - codexLocalAdapter executes a structured json event stream
  ---
  duration_ms: 240.888167
  type: 'test'
  ...
# Subtest: codexLocalAdapter surfaces in-stream {type:error} events as errorMessage and classifies model_unavailable
ok 21 - codexLocalAdapter surfaces in-stream {type:error} events as errorMessage and classifies model_unavailable
  ---
  duration_ms: 2404.382334
  type: 'test'
  ...
# Subtest: codexLocalAdapter suppresses codex tracing diagnostics (skill-load errors) from stderr
ok 22 - codexLocalAdapter suppresses codex tracing diagnostics (skill-load errors) from stderr
  ---
  duration_ms: 132.467333
  type: 'test'
  ...
# Subtest: cursorLocalAdapter parses stream-json assistant + result events
ok 23 - cursorLocalAdapter parses stream-json assistant + result events
  ---
  duration_ms: 139.289166
  type: 'test'
  ...
# Subtest: cursor session codec round-trips session params
ok 24 - cursor session codec round-trips session params
  ---
  duration_ms: 0.201917
  type: 'test'
  ...
# Subtest: geminiLocalAdapter executes a structured stream-json run
ok 25 - geminiLocalAdapter executes a structured stream-json run
  ---
  duration_ms: 510.768125
  type: 'test'
  ...
# Subtest: legacy-ids covers every provider registered on the server
ok 26 - legacy-ids covers every provider registered on the server
  ---
  duration_ms: 1.276875
  type: 'test'
  ...
# Subtest: isLegacyAdapterType flags every registered legacy type
ok 27 - isLegacyAdapterType flags every registered legacy type
  ---
  duration_ms: 0.196166
  type: 'test'
  ...
# Subtest: isLegacyAdapterType returns false for structured adapters and junk input
ok 28 - isLegacyAdapterType returns false for structured adapters and junk input
  ---
  duration_ms: 0.133458
  type: 'test'
  ...
# Subtest: openCodeLocalAdapter parses JSONL run output, usage, and session id
ok 29 - openCodeLocalAdapter parses JSONL run output, usage, and session id
  ---
  duration_ms: 2458.265416
  type: 'test'
  ...
# Subtest: opencode session codec round-trips session params
ok 30 - opencode session codec round-trips session params
  ---
  duration_ms: 0.231333
  type: 'test'
  ...
# Subtest: piLocalAdapter parses JSONL lifecycle events and usage
ok 31 - piLocalAdapter parses JSONL lifecycle events and usage
  ---
  duration_ms: 1254.521875
  type: 'test'
  ...
# Subtest: pi session codec round-trips session file path
ok 32 - pi session codec round-trips session file path
  ---
  duration_ms: 0.302291
  type: 'test'
  ...
# Subtest: legacy adapter registry exposes the current compatibility adapters
ok 33 - legacy adapter registry exposes the current compatibility adapters
  ---
  duration_ms: 1.530416
  type: 'test'
  ...
# Subtest: provider-to-adapter defaults map current providers onto structured adapters when available
ok 34 - provider-to-adapter defaults map current providers onto structured adapters when available
  ---
  duration_ms: 0.539375
  type: 'test'
  ...
# Subtest: execution provider resolution prefers explicit legacy adapter mappings
ok 35 - execution provider resolution prefers explicit legacy adapter mappings
  ---
  duration_ms: 0.081458
  type: 'test'
  ...
# Subtest: legacy execution resolution rejects unsupported adapter types
ok 36 - legacy execution resolution rejects unsupported adapter types
  ---
  duration_ms: 0.220042
  type: 'test'
  ...
# Subtest: continueConversationRun in resume mode sends only the follow-up to the adapter
ok 37 - continueConversationRun in resume mode sends only the follow-up to the adapter
  ---
  duration_ms: 215.8395
  type: 'test'
  ...
# Subtest: continueConversationRun in replay mode includes prior turns + full agent context
ok 38 - continueConversationRun in replay mode includes prior turns + full agent context
  ---
  duration_ms: 73.025584
  type: 'test'
  ...
# Subtest: continueConversationRun parses ARTIFACT: paths into meta.artifactPaths
ok 39 - continueConversationRun parses ARTIFACT: paths into meta.artifactPaths
  ---
  duration_ms: 27.381334
  type: 'test'
  ...
# Subtest: continueConversationRun flips awaitingInput when agent ends with a question
ok 40 - continueConversationRun flips awaitingInput when agent ends with a question
  ---
  duration_ms: 16.314416
  type: 'test'
  ...
# Subtest: continueConversationRun falls back to replay when adapter reports session expired
ok 41 - continueConversationRun falls back to replay when adapter reports session expired
  ---
  duration_ms: 22.349375
  type: 'test'
  ...
# Subtest: continueConversationRun clears doneAt when user sends a follow-up
ok 42 - continueConversationRun clears doneAt when user sends a follow-up
  ---
  duration_ms: 26.375542
  type: 'test'
  ...
# Subtest: continueConversationRun with failing adapter marks turn + conversation failed
ok 43 - continueConversationRun with failing adapter marks turn + conversation failed
  ---
  duration_ms: 23.452834
  type: 'test'
  ...
# Subtest: continueConversationRun classifies a spawn-time crash (missing CLI) as cli_not_found
ok 44 - continueConversationRun classifies a spawn-time crash (missing CLI) as cli_not_found
  ---
  duration_ms: 26.035375
  type: 'test'
  ...
# [history] agent-run status failed for 2026-06-26T19-39-51-097Z-dbe0cc16-general-manual: GitError: Error: spawn git ENOENT
#     at ChildProcess._handle.onexit (node:internal/child_process:285:19)
#     at onErrorNT (node:internal/child_process:483:16)
#     at process.processTicksAndRejections (node:internal/process/task_queues:90:21)
#     at Object.action (/Users/odebroqueville/Developer/cabinet/node_modules/simple-git/src/lib/plugins/error-detection.plugin.ts:42:29)
#     at PluginStore.exec (/Users/odebroqueville/Developer/cabinet/node_modules/simple-git/src/lib/plugins/plugin-store.ts:54:29)
#     at <anonymous> (/Users/odebroqueville/Developer/cabinet/node_modules/simple-git/src/lib/runners/git-executor-chain.ts:124:42)
#     at new Promise (<anonymous>)
#     at GitExecutorChain.handleTaskData (/Users/odebroqueville/Developer/cabinet/node_modules/simple-git/src/lib/runners/git-executor-chain.ts:121:14)
#     at GitExecutorChain.attemptRemoteTask (/Users/odebroqueville/Developer/cabinet/node_modules/simple-git/src/lib/runners/git-executor-chain.ts:97:40)
#     at async GitExecutorChain.attemptTask (/Users/odebroqueville/Developer/cabinet/node_modules/simple-git/src/lib/runners/git-executor-chain.ts:61:18) {
#   task: {
#     format: 'utf-8',
#     commands: [ 'status', '--porcelain', '-b', '-u', '--null' ],
#     parser: [Function: parser]
#   }
# }
# Subtest: dispatch epilogue contains no concretely-dispatchable example
ok 45 - dispatch epilogue contains no concretely-dispatchable example
  ---
  duration_ms: 31.080542
  type: 'test'
  ...
# Subtest: readConversationTurns synthesizes turn 1 from prompt + transcript on a single-shot
ok 46 - readConversationTurns synthesizes turn 1 from prompt + transcript on a single-shot
  ---
  duration_ms: 216.310375
  type: 'test'
  ...
# Subtest: readConversationTurns fabricates a pending agent turn while running with no output yet
ok 47 - readConversationTurns fabricates a pending agent turn while running with no output yet
  ---
  duration_ms: 3.908459
  type: 'test'
  ...
# Subtest: appendUserTurn + appendAgentTurn build up multi-turn state and aggregate tokens
ok 48 - appendUserTurn + appendAgentTurn build up multi-turn state and aggregate tokens
  ---
  duration_ms: 33.828125
  type: 'test'
  ...
# Subtest: appendAgentTurn with awaitingInput flips meta.awaitingInput=true
ok 49 - appendAgentTurn with awaitingInput flips meta.awaitingInput=true
  ---
  duration_ms: 16.829041
  type: 'test'
  ...
# Subtest: updateAgentTurn settles a pending turn
ok 50 - updateAgentTurn settles a pending turn
  ---
  duration_ms: 23.13425
  type: 'test'
  ...
# Subtest: finalizeConversation preserves artifacts merged from later turns
ok 51 - finalizeConversation preserves artifacts merged from later turns
  ---
  duration_ms: 16.248417
  type: 'test'
  ...
# Subtest: read-repair strips placeholder artifacts and then stays idempotent
ok 52 - read-repair strips placeholder artifacts and then stays idempotent
  ---
  duration_ms: 13.44
  type: 'test'
  ...
# Subtest: writeSession + readSession round-trip
ok 53 - writeSession + readSession round-trip
  ---
  duration_ms: 6.40325
  type: 'test'
  ...
# Subtest: summaryEditedAt within 5 minutes prevents auto-update
ok 54 - summaryEditedAt within 5 minutes prevents auto-update
  ---
  duration_ms: 18.112958
  type: 'test'
  ...
# Subtest: readConversationDetail with withTurns returns turns + session
ok 55 - readConversationDetail with withTurns returns turns + session
  ---
  duration_ms: 17.867833
  type: 'test'
  ...
# Subtest: backward compat: existing single-shot conversations without withTurns look identical
ok 56 - backward compat: existing single-shot conversations without withTurns look identical
  ---
  duration_ms: 9.832917
  type: 'test'
  ...
# Subtest: ARTIFACT line with comma-separated paths yields one artifact per file
ok 57 - ARTIFACT line with comma-separated paths yields one artifact per file
  ---
  duration_ms: 8.427083
  type: 'test'
  ...
# Subtest: normalizeArtifactPaths splits mixed separators and rejects placeholders
ok 58 - normalizeArtifactPaths splits mixed separators and rejects placeholders
  ---
  duration_ms: 0.226292
  type: 'test'
  ...
# Subtest: isCabinetBlockMissing returns true when the agent reply has no cabinet block
ok 59 - isCabinetBlockMissing returns true when the agent reply has no cabinet block
  ---
  duration_ms: 0.141584
  type: 'test'
  ...
# Subtest: isCabinetBlockMissing returns false for a well-formed cabinet block (with or without ARTIFACT)
ok 60 - isCabinetBlockMissing returns false for a well-formed cabinet block (with or without ARTIFACT)
  ---
  duration_ms: 0.087916
  type: 'test'
  ...
# Subtest: isCabinetBlockMissing returns true for empty output
ok 61 - isCabinetBlockMissing returns true for empty output
  ---
  duration_ms: 0.033333
  type: 'test'
  ...
# Subtest: isCabinetBlockMissing returns true for an empty cabinet fence (no fields)
ok 62 - isCabinetBlockMissing returns true for an empty cabinet fence (no fields)
  ---
  duration_ms: 0.067458
  type: 'test'
  ...
# Subtest: finalizeConversation classifies codex model_unavailable when errorHint is omitted
ok 63 - finalizeConversation classifies codex model_unavailable when errorHint is omitted
  ---
  duration_ms: 25.179833
  type: 'test'
  ...
# [history] agent-run status failed for 2026-06-26T19-39-51-493Z-dbe0cc16-general-manual: GitError: fatal: not a git repository (or any of the parent directories): .git
#     at Object.action (/Users/odebroqueville/Developer/cabinet/node_modules/simple-git/src/lib/plugins/error-detection.plugin.ts:42:29)
#     at PluginStore.exec (/Users/odebroqueville/Developer/cabinet/node_modules/simple-git/src/lib/plugins/plugin-store.ts:54:29)
#     at <anonymous> (/Users/odebroqueville/Developer/cabinet/node_modules/simple-git/src/lib/runners/git-executor-chain.ts:124:42)
#     at new Promise (<anonymous>)
#     at GitExecutorChain.handleTaskData (/Users/odebroqueville/Developer/cabinet/node_modules/simple-git/src/lib/runners/git-executor-chain.ts:121:14)
#     at GitExecutorChain.attemptRemoteTask (/Users/odebroqueville/Developer/cabinet/node_modules/simple-git/src/lib/runners/git-executor-chain.ts:97:40)
#     at async GitExecutorChain.attemptTask (/Users/odebroqueville/Developer/cabinet/node_modules/simple-git/src/lib/runners/git-executor-chain.ts:61:18) {
#   task: {
#     format: 'utf-8',
#     commands: [ 'status', '--porcelain', '-b', '-u', '--null' ],
#     parser: [Function: parser]
#   }
# }
# [history] agent-run status failed for 2026-06-26T19-39-51-301Z-dbe0cc16-general-manual: GitError: Error: spawn git ENOENT
#     at ChildProcess._handle.onexit (node:internal/child_process:285:19)
#     at onErrorNT (node:internal/child_process:483:16)
#     at process.processTicksAndRejections (node:internal/process/task_queues:90:21)
#     at Object.action (/Users/odebroqueville/Developer/cabinet/node_modules/simple-git/src/lib/plugins/error-detection.plugin.ts:42:29)
#     at PluginStore.exec (/Users/odebroqueville/Developer/cabinet/node_modules/simple-git/src/lib/plugins/plugin-store.ts:54:29)
#     at <anonymous> (/Users/odebroqueville/Developer/cabinet/node_modules/simple-git/src/lib/runners/git-executor-chain.ts:124:42)
#     at new Promise (<anonymous>)
#     at GitExecutorChain.handleTaskData (/Users/odebroqueville/Developer/cabinet/node_modules/simple-git/src/lib/runners/git-executor-chain.ts:121:14)
#     at GitExecutorChain.attemptRemoteTask (/Users/odebroqueville/Developer/cabinet/node_modules/simple-git/src/lib/runners/git-executor-chain.ts:97:40)
#     at async GitExecutorChain.attemptTask (/Users/odebroqueville/Developer/cabinet/node_modules/simple-git/src/lib/runners/git-executor-chain.ts:61:18) {
#   task: {
#     format: 'utf-8',
#     commands: [ 'status', '--porcelain', '-b', '-u', '--null' ],
#     parser: [Function: parser]
#   }
# }
# Subtest: terminateChildProcess uses taskkill on Windows when pid exists
ok 64 - terminateChildProcess uses taskkill on Windows when pid exists
  ---
  duration_ms: 0.668875
  type: 'test'
  ...
# Subtest: terminateChildProcess falls back to proc.kill on Windows when taskkill fails
ok 65 - terminateChildProcess falls back to proc.kill on Windows when taskkill fails
  ---
  duration_ms: 0.180958
  type: 'test'
  ...
# Subtest: terminateChildProcess uses proc.kill on non-Windows
ok 66 - terminateChildProcess uses proc.kill on non-Windows
  ---
  duration_ms: 0.056167
  type: 'test'
  ...
# Subtest: terminateChildProcess handles missing pid on Windows without throwing
ok 67 - terminateChildProcess handles missing pid on Windows without throwing
  ---
  duration_ms: 0.042375
  type: 'test'
  ...
# Subtest: resolveCliCommand prefers an existing command candidate path
ok 68 - resolveCliCommand prefers an existing command candidate path
  ---
  duration_ms: 6.29725
  type: 'test'
  ...
# Subtest: resolveCliCommand skips non-executable POSIX command candidate paths
ok 69 - resolveCliCommand skips non-executable POSIX command candidate paths
  ---
  duration_ms: 1.109333
  type: 'test'
  ...
# Subtest: checkCliProviderAvailable uses resolved command candidates
ok 70 - checkCliProviderAvailable uses resolved command candidates
  ---
  duration_ms: 1989.466542
  type: 'test'
  ...
# Subtest: buildRuntimePath uses Windows delimiters and npm global bin paths
ok 71 - buildRuntimePath uses Windows delimiters and npm global bin paths
  ---
  duration_ms: 0.290958
  type: 'test'
  ...
# Subtest: buildRuntimePath uses requested platform path semantics even on a different host OS
ok 72 - buildRuntimePath uses requested platform path semantics even on a different host OS
  ---
  duration_ms: 0.143292
  type: 'test'
  ...
# Subtest: buildRuntimePath uses POSIX separators when a POSIX platform is requested
ok 73 - buildRuntimePath uses POSIX separators when a POSIX platform is requested
  ---
  duration_ms: 0.090834
  type: 'test'
  ...
# Subtest: buildCommandCandidates only returns Windows cmd paths plus bare command
ok 74 - buildCommandCandidates only returns Windows cmd paths plus bare command
  ---
  duration_ms: 0.5385
  type: 'test'
  ...
# Subtest: resolveCliCommand prefers a bare Windows command when it is on PATH
ok 75 - resolveCliCommand prefers a bare Windows command when it is on PATH
  ---
  duration_ms: 0.16075
  type: 'test'
  ...
# Subtest: resolveCliCommand skips unsafe non-path command candidates during lookup
ok 76 - resolveCliCommand skips unsafe non-path command candidates during lookup
  ---
  duration_ms: 0.225791
  type: 'test'
  ...
# Subtest: provider settings update reports conflicts for providers still assigned to agents and jobs
ok 77 - provider settings update reports conflicts for providers still assigned to agents and jobs
  ---
  duration_ms: 14.799292
  type: 'test'
  ...
# Subtest: provider settings update migrates assigned personas and jobs before disabling a provider
ok 78 - provider settings update migrates assigned personas and jobs before disabling a provider
  ---
  duration_ms: 14.78125
  type: 'test'
  ...
# Subtest: Codex provider builds the expected launch arguments
ok 79 - Codex provider builds the expected launch arguments
  ---
  duration_ms: 0.723666
  type: 'test'
  ...
# Subtest: Claude provider keeps the prompt injection session contract
ok 80 - Claude provider keeps the prompt injection session contract
  ---
  duration_ms: 0.074958
  type: 'test'
  ...
# Subtest: provider runtime resolves launch specs through registered providers
ok 81 - provider runtime resolves launch specs through registered providers
  ---
  duration_ms: 5.207041
  type: 'test'
  ...
# Subtest: provider runtime falls back to the enabled default when the requested provider is disabled
ok 82 - provider runtime falls back to the enabled default when the requested provider is disabled
  ---
  duration_ms: 1.267833
  type: 'test'
  ...
# Subtest: runOneShotProviderPrompt closes stdin for CLI providers
ok 83 - runOneShotProviderPrompt closes stdin for CLI providers
  ---
  duration_ms: 1759.221916
  type: 'test'
  ...
# Subtest: normalizeProviderSettings keeps a valid enabled default provider
ok 84 - normalizeProviderSettings keeps a valid enabled default provider
  ---
  duration_ms: 0.588958
  type: 'test'
  ...
# Subtest: normalizeProviderSettings falls back when the requested default is disabled
ok 85 - normalizeProviderSettings falls back when the requested default is disabled
  ---
  duration_ms: 0.099292
  type: 'test'
  ...
# Subtest: normalizeProviderSettings falls back to the first enabled provider when needed
ok 86 - normalizeProviderSettings falls back to the first enabled provider when needed
  ---
  duration_ms: 0.089583
  type: 'test'
  ...
# Subtest: resolveEnabledProviderId falls back to the configured default when the requested provider is disabled
ok 87 - resolveEnabledProviderId falls back to the configured default when the requested provider is disabled
  ---
  duration_ms: 0.073917
  type: 'test'
  ...
# Subtest: summarize counts safe/low risks as passing
ok 88 - summarize counts safe/low risks as passing
  ---
  duration_ms: 0.405333
  type: 'test'
  ...
# Subtest: summarize treats missing audit blocks as not present
ok 89 - summarize treats missing audit blocks as not present
  ---
  duration_ms: 0.0555
  type: 'test'
  ...
# Subtest: summarize on empty input is unavailable
ok 90 - summarize on empty input is unavailable
  ---
  duration_ms: 0.039792
  type: 'test'
  ...
# Subtest: fetchAuditsBatch hits the audit endpoint with correct query
ok 91 - fetchAuditsBatch hits the audit endpoint with correct query
  ---
  duration_ms: 8.379458
  type: 'test'
  ...
# Subtest: fetchAuditsBatch caches per (source, key) within TTL
ok 92 - fetchAuditsBatch caches per (source, key) within TTL
  ---
  duration_ms: 0.421458
  type: 'test'
  ...
# Subtest: fetchAuditsBatch only re-requests cache misses, returns hits from memory
ok 93 - fetchAuditsBatch only re-requests cache misses, returns hits from memory
  ---
  duration_ms: 0.485959
  type: 'test'
  ...
# Subtest: fetchAuditsBatch returns unavailable on HTTP error
ok 94 - fetchAuditsBatch returns unavailable on HTTP error
  ---
  duration_ms: 0.103542
  type: 'test'
  ...
# Subtest: fetchAuditsBatch returns unavailable when fetch throws (e.g. timeout abort)
ok 95 - fetchAuditsBatch returns unavailable when fetch throws (e.g. timeout abort)
  ---
  duration_ms: 0.13325
  type: 'test'
  ...
# Subtest: fetchAuditsBatch with empty input returns empty map without fetching
ok 96 - fetchAuditsBatch with empty input returns empty map without fetching
  ---
  duration_ms: 0.169125
  type: 'test'
  ...
# Subtest: parses github: shorthand without skill
ok 97 - parses github: shorthand without skill
  ---
  duration_ms: 1.661625
  type: 'test'
  ...
# Subtest: parses github: shorthand with path-style skill
ok 98 - parses github: shorthand with path-style skill
  ---
  duration_ms: 0.801125
  type: 'test'
  ...
# Subtest: parses skills.sh URL with three segments
ok 99 - parses skills.sh URL with three segments
  ---
  duration_ms: 0.709542
  type: 'test'
  ...
# Subtest: parses skills.sh URL without skill segment
ok 100 - parses skills.sh URL without skill segment
  ---
  duration_ms: 0.117458
  type: 'test'
  ...
# Subtest: parses github.com URL with .git suffix
ok 101 - parses github.com URL with .git suffix
  ---
  duration_ms: 0.302584
  type: 'test'
  ...
# Subtest: parses github.com URL with /tree/<ref>/<path>
ok 102 - parses github.com URL with /tree/<ref>/<path>
  ---
  duration_ms: 0.192791
  type: 'test'
  ...
# Subtest: parses local: with absolute path
ok 103 - parses local: with absolute path
  ---
  duration_ms: 0.26075
  type: 'test'
  ...
# Subtest: trims whitespace before parsing
ok 104 - trims whitespace before parsing
  ---
  duration_ms: 0.113708
  type: 'test'
  ...
# Subtest: returns null for empty input
ok 105 - returns null for empty input
  ---
  duration_ms: 0.3705
  type: 'test'
  ...
# Subtest: returns null for unrecognized format
ok 106 - returns null for unrecognized format
  ---
  duration_ms: 4.863666
  type: 'test'
  ...
# Subtest: returns null for local: with empty path
ok 107 - returns null for local: with empty path
  ---
  duration_ms: 0.161375
  type: 'test'
  ...
# Subtest: preserves non-https github URLs
ok 108 - preserves non-https github URLs
  ---
  duration_ms: 0.324625
  type: 'test'
  ...
# Subtest: github: shorthand with @skill filter
ok 109 - github: shorthand with @skill filter
  ---
  duration_ms: 0.349292
  type: 'test'
  ...
# Subtest: github: shorthand with \#ref
ok 110 - github: shorthand with \#ref
  ---
  duration_ms: 0.137417
  type: 'test'
  ...
# Subtest: github: shorthand combining \#ref and @skill
ok 111 - github: shorthand combining \#ref and @skill
  ---
  duration_ms: 0.0865
  type: 'test'
  ...
# Subtest: github: shorthand with path infers last segment as skillName
ok 112 - github: shorthand with path infers last segment as skillName
  ---
  duration_ms: 0.092291
  type: 'test'
  ...
# Subtest: github: shorthand with multi-segment path
ok 113 - github: shorthand with multi-segment path
  ---
  duration_ms: 0.453667
  type: 'test'
  ...
# Subtest: gitlab: shorthand basic
ok 114 - gitlab: shorthand basic
  ---
  duration_ms: 0.116
  type: 'test'
  ...
# Subtest: gitlab: shorthand with subgroup
ok 115 - gitlab: shorthand with subgroup
  ---
  duration_ms: 0.066792
  type: 'test'
  ...
# Subtest: gitlab.com URL with tree/ref/path
ok 116 - gitlab.com URL with tree/ref/path
  ---
  duration_ms: 0.416709
  type: 'test'
  ...
# Subtest: github.com URL with /tree/<ref>/<path>
ok 117 - github.com URL with /tree/<ref>/<path>
  ---
  duration_ms: 0.048334
  type: 'test'
  ...
# Subtest: listSkills includes legacy-home origin entries
ok 118 - listSkills includes legacy-home origin entries
  ---
  duration_ms: 3.159875
  type: 'test'
  ...
# Subtest: readSkill returns the bundle including body
ok 119 - readSkill returns the bundle including body
  ---
  duration_ms: 2.530167
  type: 'test'
  ...
# Subtest: readSkill returns null for unknown key
ok 120 - readSkill returns null for unknown key
  ---
  duration_ms: 1.305875
  type: 'test'
  ...
# Subtest: resolveDesiredSkills hydrates persona's skill keys, drops missing
ok 121 - resolveDesiredSkills hydrates persona's skill keys, drops missing
  ---
  duration_ms: 4.811542
  type: 'test'
  ...
# Subtest: buildSkillIndex returns null for empty input
ok 122 - buildSkillIndex returns null for empty input
  ---
  duration_ms: 0.297417
  type: 'test'
  ...
# Subtest: buildSkillIndex lists name + description
ok 123 - buildSkillIndex lists name + description
  ---
  duration_ms: 2.914833
  type: 'test'
  ...
# Subtest: listSkills sorts by key for stable ordering
ok 124 - listSkills sorts by key for stable ordering
  ---
  duration_ms: 62.702417
  type: 'test'
  ...
# Subtest: readSkillsLock returns v2 default when file is missing
ok 125 - readSkillsLock returns v2 default when file is missing
  ---
  duration_ms: 3.023583
  type: 'test'
  ...
# Subtest: updateSkillsLock writes a v2 entry with provenance
ok 126 - updateSkillsLock writes a v2 entry with provenance
  ---
  duration_ms: 49.233917
  type: 'test'
  ...
# Subtest: removeFromSkillsLock deletes the entry
ok 127 - removeFromSkillsLock deletes the entry
  ---
  duration_ms: 11.310583
  type: 'test'
  ...
# Subtest: v1 lock entries (computedHash schema) read as v2 with sourceType preserved
ok 128 - v1 lock entries (computedHash schema) read as v2 with sourceType preserved
  ---
  duration_ms: 3.444916
  type: 'test'
  ...
# Subtest: verifySkillsLock reports `missing` for locked-but-absent skills
ok 129 - verifySkillsLock reports `missing` for locked-but-absent skills
  ---
  duration_ms: 68.567625
  type: 'test'
  ...
# Subtest: scanForSkills walks linked-repo skill dirs
ok 130 - scanForSkills walks linked-repo skill dirs
  ---
  duration_ms: 23.693125
  type: 'test'
  ...
# Subtest: scanForSkills uses frontmatter `name:` when present
ok 131 - scanForSkills uses frontmatter `name:` when present
  ---
  duration_ms: 16.60825
  type: 'test'
  ...
# Subtest: scanForSkills falls back to slug when no frontmatter name
ok 132 - scanForSkills falls back to slug when no frontmatter name
  ---
  duration_ms: 8.736667
  type: 'test'
  ...
# Subtest: scanForSkills returns empty when no recognizable subdirs exist
ok 133 - scanForSkills returns empty when no recognizable subdirs exist
  ---
  duration_ms: 23.390084
  type: 'test'
  ...
# Subtest: scanForSkills skips dotfile dirs that aren't named skills
ok 134 - scanForSkills skips dotfile dirs that aren't named skills
  ---
  duration_ms: 12.393917
  type: 'test'
  ...
# Subtest: looksLikeAwaitingInput: explicit <ask_user> marker wins
ok 135 - looksLikeAwaitingInput: explicit <ask_user> marker wins
  ---
  duration_ms: 0.706542
  type: 'test'
  ...
# Subtest: looksLikeAwaitingInput: <ask_user> wins even when last line is a period
ok 136 - looksLikeAwaitingInput: <ask_user> wins even when last line is a period
  ---
  duration_ms: 0.10975
  type: 'test'
  ...
# Subtest: stripAskUserMarkers unwraps the question text
ok 137 - stripAskUserMarkers unwraps the question text
  ---
  duration_ms: 0.11925
  type: 'test'
  ...
# Subtest: looksLikeAwaitingInput: yes when last line ends with '?'
ok 138 - looksLikeAwaitingInput: yes when last line ends with '?'
  ---
  duration_ms: 0.080166
  type: 'test'
  ...
# Subtest: looksLikeAwaitingInput: no when last line is a period
ok 139 - looksLikeAwaitingInput: no when last line is a period
  ---
  duration_ms: 0.037625
  type: 'test'
  ...
# Subtest: looksLikeAwaitingInput: no when question is inside a code fence
ok 140 - looksLikeAwaitingInput: no when question is inside a code fence
  ---
  duration_ms: 0.149625
  type: 'test'
  ...
# Subtest: looksLikeAwaitingInput: no when content is mostly code
ok 141 - looksLikeAwaitingInput: no when content is mostly code
  ---
  duration_ms: 0.381958
  type: 'test'
  ...
# Subtest: looksLikeAwaitingInput: yes when a question comes after a code block
ok 142 - looksLikeAwaitingInput: yes when a question comes after a code block
  ---
  duration_ms: 0.213375
  type: 'test'
  ...
# Subtest: deriveSummary returns first sentence of latest settled agent turn
ok 143 - deriveSummary returns first sentence of latest settled agent turn
  ---
  duration_ms: 0.690708
  type: 'test'
  ...
# Subtest: deriveSummary falls back to first user turn when no agent turns
ok 144 - deriveSummary falls back to first user turn when no agent turns
  ---
  duration_ms: 0.695291
  type: 'test'
  ...
# Subtest: deriveSummary skips pending agent turns
ok 145 - deriveSummary skips pending agent turns
  ---
  duration_ms: 0.176292
  type: 'test'
  ...
# Subtest: deriveSummary truncates very long first sentences
ok 146 - deriveSummary truncates very long first sentences
  ---
  duration_ms: 0.109083
  type: 'test'
  ...
# Subtest: chooseAction creates when the note is new
ok 147 - chooseAction creates when the note is new
  ---
  duration_ms: 0.415542
  type: 'test'
  ...
# Subtest: chooseAction updates when Notes is newer than the stored page
ok 148 - chooseAction updates when Notes is newer than the stored page
  ---
  duration_ms: 0.061334
  type: 'test'
  ...
# Subtest: chooseAction skips when the stored page is up to date
ok 149 - chooseAction skips when the stored page is up to date
  ---
  duration_ms: 0.038208
  type: 'test'
  ...
# Subtest: chooseAction updates a page that has no stored modified date
ok 150 - chooseAction updates a page that has no stored modified date
  ---
  duration_ms: 0.031833
  type: 'test'
  ...
# Subtest: deriveAuthToken == PBKDF2-HMAC-SHA256 reference (algo/encoding/length)
ok 151 - deriveAuthToken == PBKDF2-HMAC-SHA256 reference (algo/encoding/length)
  ---
  duration_ms: 6.433958
  type: 'test'
  ...
# Subtest: getPbkdf2Iterations: default, override, invalid
ok 152 - getPbkdf2Iterations: default, override, invalid
  ---
  duration_ms: 0.267291
  type: 'test'
  ...
# Subtest: timingSafeEqualHex: equal, off-by-one, length mismatch
ok 153 - timingSafeEqualHex: equal, off-by-one, length mismatch
  ---
  duration_ms: 0.088292
  type: 'test'
  ...
# Subtest: getAuthSalt: legacy fallback + trim
ok 154 - getAuthSalt: legacy fallback + trim
  ---
  duration_ms: 0.062833
  type: 'test'
  ...
# Subtest: isAuthEnabled / getKbPassword read env at call time
ok 155 - isAuthEnabled / getKbPassword read env at call time
  ---
  duration_ms: 0.066042
  type: 'test'
  ...
# Subtest: authCookieHeader: {} when auth off, valid kb-auth cookie when on
ok 156 - authCookieHeader: {} when auth off, valid kb-auth cookie when on
  ---
  duration_ms: 1.715291
  type: 'test'
  ...
# Subtest: expectedToken memoizes and re-keys when env changes
ok 157 - expectedToken memoizes and re-keys when env changes
  ---
  duration_ms: 2.755125
  type: 'test'
  ...
# Subtest: clientKeyFromForwardedFor: first hop, trimmed, or 'unknown'
ok 158 - clientKeyFromForwardedFor: first hop, trimmed, or 'unknown'
  ---
  duration_ms: 0.768709
  type: 'test'
  ...
# Subtest: locks a client after MAX failed attempts
ok 159 - locks a client after MAX failed attempts
  ---
  duration_ms: 1.153291
  type: 'test'
  ...
# Subtest: a success reset clears the client's failure budget
ok 160 - a success reset clears the client's failure budget
  ---
  duration_ms: 0.838041
  type: 'test'
  ...
# Subtest: global bucket trips even when client keys rotate (spoof-resistant)
ok 161 - global bucket trips even when client keys rotate (spoof-resistant)
  ---
  duration_ms: 0.229208
  type: 'test'
  ...
# Subtest: normalizeJobConfig derives the current default adapter type from the selected provider
ok 162 - normalizeJobConfig derives the current default adapter type from the selected provider
  ---
  duration_ms: 5.056833
  type: 'test'
  ...
# Subtest: normalizeJobConfig uses the structured codex adapter by default
ok 163 - normalizeJobConfig uses the structured codex adapter by default
  ---
  duration_ms: 0.375167
  type: 'test'
  ...
# Subtest: normalizeJobConfig preserves explicit adapter settings
ok 164 - normalizeJobConfig preserves explicit adapter settings
  ---
  duration_ms: 0.664167
  type: 'test'
  ...
# Subtest: htmlToMarkdown converts Tiptap task items to GFM checkboxes
ok 165 - htmlToMarkdown converts Tiptap task items to GFM checkboxes
  ---
  duration_ms: 10.235458
  type: 'test'
  ...
# Subtest: task list survives a full markdown round-trip
ok 166 - task list survives a full markdown round-trip
  ---
  duration_ms: 34.092792
  type: 'test'
  ...
# Subtest: convertWikiLinksToOkf - single wiki-link
ok 167 - convertWikiLinksToOkf - single wiki-link
  ---
  duration_ms: 1.364958
  type: 'test'
  ...
# Subtest: convertWikiLinksToOkf - multiple wiki-links
ok 168 - convertWikiLinksToOkf - multiple wiki-links
  ---
  duration_ms: 0.239833
  type: 'test'
  ...
# Subtest: convertWikiLinksToOkf - mixed resolved and unresolved links
ok 169 - convertWikiLinksToOkf - mixed resolved and unresolved links
  ---
  duration_ms: 0.2205
  type: 'test'
  ...
# Subtest: convertWikiLinksToOkf - no wiki-links
ok 170 - convertWikiLinksToOkf - no wiki-links
  ---
  duration_ms: 0.084625
  type: 'test'
  ...
# Subtest: convertWikiLinksToOkf - empty markdown
ok 171 - convertWikiLinksToOkf - empty markdown
  ---
  duration_ms: 0.087666
  type: 'test'
  ...
# Subtest: parseJsxAttributes handles strings, expressions, and booleans
ok 172 - parseJsxAttributes handles strings, expressions, and booleans
  ---
  duration_ms: 1.013041
  type: 'test'
  ...
# Subtest: transformMdxToHtml rewrites a self-closing registered component
ok 173 - transformMdxToHtml rewrites a self-closing registered component
  ---
  duration_ms: 0.614375
  type: 'test'
  ...
# Subtest: transformMdxToHtml rewrites a component with children
ok 174 - transformMdxToHtml rewrites a component with children
  ---
  duration_ms: 0.403375
  type: 'test'
  ...
# Subtest: transformMdxToHtml ignores unregistered components and code fences
ok 175 - transformMdxToHtml ignores unregistered components and code fences
  ---
  duration_ms: 0.088791
  type: 'test'
  ...
# Subtest: serializeMdxComponent round-trips self-closing and child forms
ok 176 - serializeMdxComponent round-trips self-closing and child forms
  ---
  duration_ms: 0.080916
  type: 'test'
  ...
# Subtest: stripMdxForPlaintext produces semantic plain text
ok 177 - stripMdxForPlaintext produces semantic plain text
  ---
  duration_ms: 0.170208
  type: 'test'
  ...
# Subtest: nested same-name components match the correct closing tag
ok 178 - nested same-name components match the correct closing tag
  ---
  duration_ms: 0.082875
  type: 'test'
  ...
# Subtest: stripNotionId removes the trailing hash, keeps name + extension
ok 179 - stripNotionId removes the trailing hash, keeps name + extension
  ---
  duration_ms: 1.385959
  type: 'test'
  ...
# Subtest: rewriteLinks: page links → wiki-links, assets → same-dir relative
ok 180 - rewriteLinks: page links → wiki-links, assets → same-dir relative
  ---
  duration_ms: 0.41075
  type: 'test'
  ...
# Subtest: cleanNotionExport transforms a realistic export tree
ok 181 - cleanNotionExport transforms a realistic export tree
  ---
  duration_ms: 15.639542
  type: 'test'
  ...
# Subtest: ensureContainerDir promotes a standalone page into a container
ok 182 - ensureContainerDir promotes a standalone page into a container
  ---
  duration_ms: 29.312292
  type: 'test'
  ...
# Subtest: ensureContainerDir heals an already-broken dir+sibling pair
ok 183 - ensureContainerDir heals an already-broken dir+sibling pair
  ---
  duration_ms: 52.148125
  type: 'test'
  ...
# Subtest: ensureContainerDir is a no-op without a sibling .md
ok 184 - ensureContainerDir is a no-op without a sibling .md
  ---
  duration_ms: 5.29225
  type: 'test'
  ...
# Subtest: resolvePageBySlug matches human-named imported pages by slug
ok 185 - resolvePageBySlug matches human-named imported pages by slug
  ---
  duration_ms: 0.632667
  type: 'test'
  ...
# Subtest: resolvePageBySlug still matches native slug-named pages
ok 186 - resolvePageBySlug still matches native slug-named pages
  ---
  duration_ms: 0.221708
  type: 'test'
  ...
# Subtest: resolvePageBySlug prefers a sibling on ambiguous slugs
ok 187 - resolvePageBySlug prefers a sibling on ambiguous slugs
  ---
  duration_ms: 0.134958
  type: 'test'
  ...
# Subtest: scaffoldCabinet seeds getting-started docs into new cabinets
ok 188 - scaffoldCabinet seeds getting-started docs into new cabinets
  ---
  duration_ms: 31.873792
  type: 'test'
  ...
# Subtest: seedGettingStartedDir preserves existing docs while filling missing files
ok 189 - seedGettingStartedDir preserves existing docs while filling missing files
  ---
  duration_ms: 33.249084
  type: 'test'
  ...
# Subtest: cabinet discovery includes the root cabinet and nested cabinets
ok 190 - cabinet discovery includes the root cabinet and nested cabinets
  ---
  duration_ms: 11.363458
  type: 'test'
  ...
# Subtest: cabinet overview keeps own scope separate from descendant scope
ok 191 - cabinet overview keeps own scope separate from descendant scope
  ---
  duration_ms: 124.3905
  type: 'test'
  ...
# Subtest: job manager reads and writes only cabinet-level .jobs files
ok 192 - job manager reads and writes only cabinet-level .jobs files
  ---
  duration_ms: 33.069166
  type: 'test'
  ...
# Subtest: task inbox stores handoffs inside the owning cabinet
ok 193 - task inbox stores handoffs inside the owning cabinet
  ---
  duration_ms: 25.001708
  type: 'test'
  ...
# Subtest: resolveOrBootstrapCabinetRoot bootstraps the current directory when no cabinet exists
ok 194 - resolveOrBootstrapCabinetRoot bootstraps the current directory when no cabinet exists
  ---
  duration_ms: 7.656708
  type: 'test'
  ...
# Subtest: resolveOrBootstrapCabinetRoot reuses an existing parent cabinet
ok 195 - resolveOrBootstrapCabinetRoot reuses an existing parent cabinet
  ---
  duration_ms: 2.884667
  type: 'test'
  ...
# Subtest: conversation notifications only enqueue on a non-terminal to terminal transition
ok 196 - conversation notifications only enqueue on a non-terminal to terminal transition
  ---
  duration_ms: 2.046708
  type: 'test'
  ...
# Subtest: conversation notification identities are cabinet-aware
ok 197 - conversation notification identities are cabinet-aware
  ---
  duration_ms: 0.097166
  type: 'test'
  ...
# Subtest: conversation start notifications fire for background triggers only
ok 198 - conversation start notifications fire for background triggers only
  ---
  duration_ms: 0.049334
  type: 'test'
  ...
# Subtest: duplicate conversation notifications are deduped by conversation identity
ok 199 - duplicate conversation notifications are deduped by conversation identity
  ---
  duration_ms: 0.519833
  type: 'test'
  ...
# Subtest: parseCabinetBlock strips Claude spinner noise from artifact lines
ok 200 - parseCabinetBlock strips Claude spinner noise from artifact lines
  ---
  duration_ms: 13.767333
  type: 'test'
  ...
# Subtest: manual cabinet-scoped prompts explicitly pin work to the cabinet root
ok 201 - manual cabinet-scoped prompts explicitly pin work to the cabinet root
  ---
  duration_ms: 34.971708
  type: 'test'
  ...
# Subtest: parseCabinetBlock ignores echoed cabinet template placeholders from Claude prompt echo
ok 202 - parseCabinetBlock ignores echoed cabinet template placeholders from Claude prompt echo
  ---
  duration_ms: 0.953042
  type: 'test'
  ...
# Subtest: transcriptShowsCompletedRun waits for a real Claude cabinet result before the idle prompt
ok 203 - transcriptShowsCompletedRun waits for a real Claude cabinet result before the idle prompt
  ---
  duration_ms: 0.725584
  type: 'test'
  ...
# Subtest: transcriptShowsCompletedRun accepts a real Claude cabinet result once the prompt returns
ok 204 - transcriptShowsCompletedRun accepts a real Claude cabinet result once the prompt returns
  ---
  duration_ms: 2.236875
  type: 'test'
  ...
# Subtest: transcriptShowsCompletedRun accepts Claude's idle prompt banner after fragmented result output
ok 205 - transcriptShowsCompletedRun accepts Claude's idle prompt banner after fragmented result output
  ---
  duration_ms: 0.702042
  type: 'test'
  ...
# Subtest: transcriptShowsCompletedRun stays running when Claude is still interruptible after a partial result
ok 206 - transcriptShowsCompletedRun stays running when Claude is still interruptible after a partial result
  ---
  duration_ms: 0.736583
  type: 'test'
  ...
# Subtest: transcriptShowsCompletedRun detects completion when timing verb and prompt merge onto one line
ok 207 - transcriptShowsCompletedRun detects completion when timing verb and prompt merge onto one line
  ---
  duration_ms: 0.214417
  type: 'test'
  ...
# Subtest: transcriptShowsCompletedRun handles any cooking verb in the completion timing line
ok 208 - transcriptShowsCompletedRun handles any cooking verb in the completion timing line
  ---
  duration_ms: 0.624666
  type: 'test'
  ...
# Subtest: getScheduleEvents emits one heartbeat event per cron occurrence
ok 209 - getScheduleEvents emits one heartbeat event per cron occurrence
  ---
  duration_ms: 3.748042
  type: 'test'
  ...
# Subtest: getScheduleEvents dedups the same agent across multiple cabinet scopes (audit \#070)
ok 210 - getScheduleEvents dedups the same agent across multiple cabinet scopes (audit \#070)
  ---
  duration_ms: 23.066916
  type: 'test'
  ...
# Subtest: getScheduleEvents keeps separate events when cron expressions differ
ok 211 - getScheduleEvents keeps separate events when cron expressions differ
  ---
  duration_ms: 2.887042
  type: 'test'
  ...
# Subtest: getScheduleEvents dedups jobs with identical schedule + scopedId
ok 212 - getScheduleEvents dedups jobs with identical schedule + scopedId
  ---
  duration_ms: 3.097709
  type: 'test'
  ...
# Subtest: withinSeriesWindow: until is an exclusive upper bound
ok 213 - withinSeriesWindow: until is an exclusive upper bound
  ---
  duration_ms: 1.170666
  type: 'test'
  ...
# Subtest: withinSeriesWindow: since is an inclusive lower bound
ok 214 - withinSeriesWindow: since is an inclusive lower bound
  ---
  duration_ms: 0.078709
  type: 'test'
  ...
# Subtest: withinSeriesWindow: open bounds are unbounded
ok 215 - withinSeriesWindow: open bounds are unbounded
  ---
  duration_ms: 0.040708
  type: 'test'
  ...
# Subtest: capped series (until) emits only occurrences before the split
ok 216 - capped series (until) emits only occurrences before the split
  ---
  duration_ms: 3.786375
  type: 'test'
  ...
# Subtest: forked series (since) emits nothing before the split — no backward leak
ok 217 - forked series (since) emits nothing before the split — no backward leak
  ---
  duration_ms: 6.207333
  type: 'test'
  ...
# Subtest: split halves partition the week with no day double-booked
ok 218 - split halves partition the week with no day double-booked
  ---
  duration_ms: 27.063625
  type: 'test'
  ...
# Subtest: explicit ws:// override is returned as-is
ok 219 - explicit ws:// override is returned as-is
  ---
  duration_ms: 21.805167
  type: 'test'
  ...
# Subtest: explicit wss:// override is returned as-is
ok 220 - explicit wss:// override is returned as-is
  ---
  duration_ms: 0.114167
  type: 'test'
  ...
# Subtest: explicit http:// override is upgraded to ws://
ok 221 - explicit http:// override is upgraded to ws://
  ---
  duration_ms: 0.070084
  type: 'test'
  ...
# Subtest: explicit https:// override is upgraded to wss://
ok 222 - explicit https:// override is upgraded to wss://
  ---
  duration_ms: 0.095417
  type: 'test'
  ...
# Subtest: LAN browser: derives ws://<host>:<daemonPort> from Host header
ok 223 - LAN browser: derives ws://<host>:<daemonPort> from Host header
  ---
  duration_ms: 0.293333
  type: 'test'
  ...
# Subtest: Bonjour .local hostname is preserved
ok 224 - Bonjour .local hostname is preserved
  ---
  duration_ms: 0.149041
  type: 'test'
  ...
# Subtest: reverse proxy: x-forwarded-proto: https → wss://
ok 225 - reverse proxy: x-forwarded-proto: https → wss://
  ---
  duration_ms: 0.218125
  type: 'test'
  ...
# Subtest: x-forwarded-proto with comma-list takes the first proto
ok 226 - x-forwarded-proto with comma-list takes the first proto
  ---
  duration_ms: 0.255709
  type: 'test'
  ...
# Subtest: IPv6 host like [::1]:4000 parses correctly and gets daemon port
ok 227 - IPv6 host like [::1]:4000 parses correctly and gets daemon port
  ---
  duration_ms: 0.249875
  type: 'test'
  ...
# Subtest: loopback Host stays loopback (single-host case still works)
ok 228 - loopback Host stays loopback (single-host case still works)
  ---
  duration_ms: 0.199959
  type: 'test'
  ...
# Subtest: scheme-less explicit override falls through to Host derivation
ok 229 - scheme-less explicit override falls through to Host derivation
  ---
  duration_ms: 0.109708
  type: 'test'
  ...
# Subtest: missing Host header falls back to loopback (legacy helper)
ok 230 - missing Host header falls back to loopback (legacy helper)
  ---
  duration_ms: 0.125208
  type: 'test'
  ...
# Subtest: null request falls back to loopback
ok 231 - null request falls back to loopback
  ---
  duration_ms: 0.114791
  type: 'test'
  ...
# Subtest: parseHash handles canonical agents route under root cabinet
ok 232 - parseHash handles canonical agents route under root cabinet
  ---
  duration_ms: 0.521583
  type: 'test'
  ...
# Subtest: parseHash handles canonical tasks route under root cabinet
ok 233 - parseHash handles canonical tasks route under root cabinet
  ---
  duration_ms: 0.072792
  type: 'test'
  ...
# Subtest: parseHash handles canonical page-with-cabinet form
ok 234 - parseHash handles canonical page-with-cabinet form
  ---
  duration_ms: 0.078583
  type: 'test'
  ...
# Subtest: parseHash handles bare page form
ok 235 - parseHash handles bare page form
  ---
  duration_ms: 0.064625
  type: 'test'
  ...
# Subtest: parseHash: deep cabinet root round-trips (no marker = cabinet root)
ok 236 - parseHash: deep cabinet root round-trips (no marker = cabinet root)
  ---
  duration_ms: 0.042875
  type: 'test'
  ...
# Subtest: parseHash: deep page with the real 'doubled' path stays put
ok 237 - parseHash: deep page with the real 'doubled' path stays put
  ---
  duration_ms: 0.039375
  type: 'test'
  ...
# Subtest: parseHash: a page path that itself contains 'data' still works
ok 238 - parseHash: a page path that itself contains 'data' still works
  ---
  duration_ms: 0.080959
  type: 'test'
  ...
# Subtest: parseHash: deep agents list
ok 239 - parseHash: deep agents list
  ---
  duration_ms: 0.034458
  type: 'test'
  ...
# Subtest: parseHash: deep agents sub-tab
ok 240 - parseHash: deep agents sub-tab
  ---
  duration_ms: 0.1325
  type: 'test'
  ...
# Subtest: parseHash: deep agent detail
ok 241 - parseHash: deep agent detail
  ---
  duration_ms: 0.224833
  type: 'test'
  ...
# Subtest: parseHash: deep tasks list + task detail
ok 242 - parseHash: deep tasks list + task detail
  ---
  duration_ms: 0.047875
  type: 'test'
  ...
# Subtest: round-trip: nested cabinet root
ok 243 - round-trip: nested cabinet root
  ---
  duration_ms: 0.077333
  type: 'test'
  ...
# Subtest: round-trip: nested page
ok 244 - round-trip: nested page
  ---
  duration_ms: 0.040583
  type: 'test'
  ...
# Subtest: round-trip: nested agents sub-tab and task
ok 245 - round-trip: nested agents sub-tab and task
  ---
  duration_ms: 0.090958
  type: 'test'
  ...
# Subtest: slugifyHeading matches the editor decoration scheme
ok 246 - slugifyHeading matches the editor decoration scheme
  ---
  duration_ms: 0.910167
  type: 'test'
  ...
# Subtest: addHeadingIds injects ids into bare headings
ok 247 - addHeadingIds injects ids into bare headings
  ---
  duration_ms: 0.2015
  type: 'test'
  ...
# Subtest: addHeadingIds dedupes repeated headings
ok 248 - addHeadingIds dedupes repeated headings
  ---
  duration_ms: 0.049167
  type: 'test'
  ...
# Subtest: addHeadingIds slugs from text, preserving inner markup
ok 249 - addHeadingIds slugs from text, preserving inner markup
  ---
  duration_ms: 0.03975
  type: 'test'
  ...
# Subtest: MyST Markdown Parser - Admonitions
ok 250 - MyST Markdown Parser - Admonitions
  ---
  duration_ms: 8.909416
  type: 'test'
  ...
# Subtest: MyST Markdown Parser - Roles
ok 251 - MyST Markdown Parser - Roles
  ---
  duration_ms: 2.761917
  type: 'test'
  ...
# Subtest: MyST Markdown Serializer - Callouts to Admonitions
ok 252 - MyST Markdown Serializer - Callouts to Admonitions
  ---
  duration_ms: 4.389417
  type: 'test'
  ...
# Subtest: normalizeAgentText is a no-op for clean text
ok 253 - normalizeAgentText is a no-op for clean text
  ---
  duration_ms: 1.565166
  type: 'test'
  ...
# Subtest: normalizeAgentText strips a leading `running .zshenv` line
ok 254 - normalizeAgentText strips a leading `running .zshenv` line
  ---
  duration_ms: 0.1785
  type: 'test'
  ...
# Subtest: normalizeAgentText only strips shell-init noise from the top, not mid-text
ok 255 - normalizeAgentText only strips shell-init noise from the top, not mid-text
  ---
  duration_ms: 0.050084
  type: 'test'
  ...
# Subtest: normalizeAgentText splits concatenated sub-agent status lines
ok 256 - normalizeAgentText splits concatenated sub-agent status lines
  ---
  duration_ms: 0.146375
  type: 'test'
  ...
# Subtest: normalizeAgentText handles both pathologies together
ok 257 - normalizeAgentText handles both pathologies together
  ---
  duration_ms: 0.043208
  type: 'test'
  ...
# Subtest: normalizeAgentText doesn't break on prose that mentions agents
ok 258 - normalizeAgentText doesn't break on prose that mentions agents
  ---
  duration_ms: 0.032625
  type: 'test'
  ...
# Subtest: notebookToMdast
    # Subtest: converts markdown cells to MDAST nodes
    ok 1 - converts markdown cells to MDAST nodes
      ---
      duration_ms: 6.780958
      type: 'test'
      ...
    # Subtest: converts code cells without outputs to code nodes
    ok 2 - converts code cells without outputs to code nodes
      ---
      duration_ms: 0.261875
      type: 'test'
      ...
    # Subtest: wraps code cells with outputs in NotebookCell component
    ok 3 - wraps code cells with outputs in NotebookCell component
      ---
      duration_ms: 1.508541
      type: 'test'
      ...
    # Subtest: converts error outputs to ErrorOutput component
    ok 4 - converts error outputs to ErrorOutput component
      ---
      duration_ms: 0.357375
      type: 'test'
      ...
    # Subtest: converts image/png output to ImageOutput component
    ok 5 - converts image/png output to ImageOutput component
      ---
      duration_ms: 0.17475
      type: 'test'
      ...
    # Subtest: converts pandas HTML to DataFrame component
    ok 6 - converts pandas HTML to DataFrame component
      ---
      duration_ms: 0.124125
      type: 'test'
      ...
    # Subtest: converts Plotly JSON to PlotlyChart component
    ok 7 - converts Plotly JSON to PlotlyChart component
      ---
      duration_ms: 0.239916
      type: 'test'
      ...
    # Subtest: preserves notebook metadata in root.data
    ok 8 - preserves notebook metadata in root.data
      ---
      duration_ms: 0.541833
      type: 'test'
      ...
    1..8
ok 259 - notebookToMdast
  ---
  duration_ms: 11.121917
  type: 'suite'
  ...
# Subtest: notebookRootToMdx
    # Subtest: serializes markdown + code to MDX
    ok 1 - serializes markdown + code to MDX
      ---
      duration_ms: 3.681
      type: 'test'
      ...
    # Subtest: serializes NotebookCell with outputs as JSX
    ok 2 - serializes NotebookCell with outputs as JSX
      ---
      duration_ms: 0.739834
      type: 'test'
      ...
    # Subtest: serializes self-closing components for outputs without children
    ok 3 - serializes self-closing components for outputs without children
      ---
      duration_ms: 0.302375
      type: 'test'
      ...
    1..3
ok 260 - notebookRootToMdx
  ---
  duration_ms: 4.907167
  type: 'suite'
  ...
# Subtest: ipynbToMdx (full pipeline)
    # Subtest: parses ipynb JSON string end-to-end
    ok 1 - parses ipynb JSON string end-to-end
      ---
      duration_ms: 1.804291
      type: 'test'
      ...
    1..1
ok 261 - ipynbToMdx (full pipeline)
  ---
  duration_ms: 1.912292
  type: 'suite'
  ...
# Subtest: parses env-var providers through ANSI codes (configured)
ok 262 - parses env-var providers through ANSI codes (configured)
  ---
  duration_ms: 1.014
  type: 'test'
  ...
# Subtest: zero credentials AND zero env vars → not configured (Zen-free only)
ok 263 - zero credentials AND zero env vars → not configured (Zen-free only)
  ---
  duration_ms: 0.442375
  type: 'test'
  ...
# Subtest: stored credentials count as configured
ok 264 - stored credentials count as configured
  ---
  duration_ms: 0.077875
  type: 'test'
  ...
# Subtest: singular grammar (1 credential / 1 environment variable)
ok 265 - singular grammar (1 credential / 1 environment variable)
  ---
  duration_ms: 0.157209
  type: 'test'
  ...
# Subtest: empty / unparseable output → conservatively not configured
ok 266 - empty / unparseable output → conservatively not configured
  ---
  duration_ms: 0.162291
  type: 'test'
  ...
# Subtest: parses vendor/model ids into model entries with variant effort levels
ok 267 - parses vendor/model ids into model entries with variant effort levels
  ---
  duration_ms: 1.70725
  type: 'test'
  ...
# Subtest: drops blank lines and non-id CLI chrome (lines without a slash)
ok 268 - drops blank lines and non-id CLI chrome (lines without a slash)
  ---
  duration_ms: 0.330625
  type: 'test'
  ...
# Subtest: empty / whitespace / nullish output falls back to the offline list
ok 269 - empty / whitespace / nullish output falls back to the offline list
  ---
  duration_ms: 0.26375
  type: 'test'
  ...
# Subtest: output that is only noise (no slash anywhere) falls back, never blank
ok 270 - output that is only noise (no slash anywhere) falls back, never blank
  ---
  duration_ms: 0.249959
  type: 'test'
  ...
# Subtest: movePage moves a standalone markdown file out of a linked directory
ok 271 - movePage moves a standalone markdown file out of a linked directory
  ---
  duration_ms: 92.762917
  type: 'test'
  ...
# Subtest: parses one model id per line with thinking effort levels
ok 272 - parses one model id per line with thinking effort levels
  ---
  duration_ms: 0.917292
  type: 'test'
  ...
# Subtest: drops blank lines and \# comment/banner lines
ok 273 - drops blank lines and \# comment/banner lines
  ---
  duration_ms: 0.078333
  type: 'test'
  ...
# Subtest: output that is ONLY a banner falls back instead of going blank
ok 274 - output that is ONLY a banner falls back instead of going blank
  ---
  duration_ms: 0.076541
  type: 'test'
  ...
# Subtest: empty / nullish output falls back to the offline list
ok 275 - empty / nullish output falls back to the offline list
  ---
  duration_ms: 0.106708
  type: 'test'
  ...
# Subtest: Claude keeps detached prompt runs in session mode
ok 276 - Claude keeps detached prompt runs in session mode
  ---
  duration_ms: 0.8225
  type: 'test'
  ...
# Subtest: Codex keeps detached prompt runs in one-shot mode
ok 277 - Codex keeps detached prompt runs in one-shot mode
  ---
  duration_ms: 0.20975
  type: 'test'
  ...
# Subtest: OpenCode verify command: model-less mirrors the install step
ok 278 - OpenCode verify command: model-less mirrors the install step
  ---
  duration_ms: 0.387959
  type: 'test'
  ...
# Subtest: OpenCode verify command: pins the resolved default model
ok 279 - OpenCode verify command: pins the resolved default model
  ---
  duration_ms: 0.065667
  type: 'test'
  ...
# Subtest: Pi verify command: model-less mirrors the install step
ok 280 - Pi verify command: model-less mirrors the install step
  ---
  duration_ms: 0.047459
  type: 'test'
  ...
# Subtest: Pi verify command: pins the resolved default model
ok 281 - Pi verify command: pins the resolved default model
  ---
  duration_ms: 0.030417
  type: 'test'
  ...
# Subtest: verify command keeps the exact 'Reply with exactly OK' probe (classifier contract)
ok 282 - verify command keeps the exact 'Reply with exactly OK' probe (classifier contract)
  ---
  duration_ms: 0.061584
  type: 'test'
  ...
# Subtest: proxy passes through every path when KB_PASSWORD is unset
ok 283 - proxy passes through every path when KB_PASSWORD is unset
  ---
  duration_ms: 2.16675
  type: 'test'
  ...
# Subtest: proxy lets the login page and health check through even when locked
ok 284 - proxy lets the login page and health check through even when locked
  ---
  duration_ms: 0.95775
  type: 'test'
  ...
# Subtest: proxy 401s API requests without a valid auth cookie when locked
ok 285 - proxy 401s API requests without a valid auth cookie when locked
  ---
  duration_ms: 4.756416
  type: 'test'
  ...
# Subtest: proxy redirects unauthenticated page requests to /login when locked
ok 286 - proxy redirects unauthenticated page requests to /login when locked
  ---
  duration_ms: 0.489834
  type: 'test'
  ...
# Subtest: proxy admits authenticated requests when locked
ok 287 - proxy admits authenticated requests when locked
  ---
  duration_ms: 4.412416
  type: 'test'
  ...
# Subtest: daemon's authCookieHeader passes the proxy gate on /api/* when locked
ok 288 - daemon's authCookieHeader passes the proxy gate on /api/* when locked
  ---
  duration_ms: 8.048167
  type: 'test'
  ...
# Subtest: rename rewrites every inbound wiki-link and leaves others alone
ok 289 - rename rewrites every inbound wiki-link and leaves others alone
  ---
  duration_ms: 161.557542
  type: 'test'
  ...
# Subtest: ambiguous slugs: only links resolving to the renamed page are rewritten
ok 290 - ambiguous slugs: only links resolving to the renamed page are rewritten
  ---
  duration_ms: 44.8895
  type: 'test'
  ...
# Subtest: undo restores directory, title and every rewritten file byte-for-byte
ok 291 - undo restores directory, title and every rewritten file byte-for-byte
  ---
  duration_ms: 21.390292
  type: 'test'
  ...
# Subtest: renaming a typed file without extension preserves its original extension
ok 292 - renaming a typed file without extension preserves its original extension
  ---
  duration_ms: 1.071292
  type: 'test'
  ...
# Subtest: renaming a typed file with a new extension uses the provided extension
ok 293 - renaming a typed file with a new extension uses the provided extension
  ---
  duration_ms: 0.771333
  type: 'test'
  ...
# Subtest: sibling-pattern rename moves the .md and its companion folder together
ok 294 - sibling-pattern rename moves the .md and its companion folder together
  ---
  duration_ms: 20.080458
  type: 'test'
  ...
# Subtest: no-op rename (same slug) reports nothing and no undo token
ok 295 - no-op rename (same slug) reports nothing and no undo token
  ---
  duration_ms: 1.005833
  type: 'test'
  ...
# Subtest: case-only rename preserves the new casing on disk
ok 296 - case-only rename preserves the new casing on disk
  ---
  duration_ms: 18.551791
  type: 'test'
  ...
# Subtest: re-roots a cwd-relative artifact path under the task's cabinetPath
ok 297 - re-roots a cwd-relative artifact path under the task's cabinetPath
  ---
  duration_ms: 0.546292
  type: 'test'
  ...
# Subtest: strips index.md / .md while re-rooting
ok 298 - strips index.md / .md while re-rooting
  ---
  duration_ms: 0.154583
  type: 'test'
  ...
# Subtest: strips a leading data/ prefix before re-rooting
ok 299 - strips a leading data/ prefix before re-rooting
  ---
  duration_ms: 0.041375
  type: 'test'
  ...
# Subtest: is idempotent — never double-prefixes an already cabinet-rooted path
ok 300 - is idempotent — never double-prefixes an already cabinet-rooted path
  ---
  duration_ms: 0.043292
  type: 'test'
  ...
# Subtest: no-ops when cabinetPath is absent, empty, or the root cabinet
ok 301 - no-ops when cabinetPath is absent, empty, or the root cabinet
  ---
  duration_ms: 0.091792
  type: 'test'
  ...
# Subtest: tolerates surrounding slashes on the cabinetPath
ok 302 - tolerates surrounding slashes on the cabinetPath
  ---
  duration_ms: 0.035042
  type: 'test'
  ...
# Subtest: empty artifact path stays empty
ok 303 - empty artifact path stays empty
  ---
  duration_ms: 0.067834
  type: 'test'
  ...
# Subtest: flags absolute system paths as external
ok 304 - flags absolute system paths as external
  ---
  duration_ms: 0.042167
  type: 'test'
  ...
# Subtest: does NOT flag in-cabinet / data-rooted paths as external
ok 305 - does NOT flag in-cabinet / data-rooted paths as external
  ---
  duration_ms: 0.159334
  type: 'test'
  ...
# Subtest: does NOT flag relative paths whose first segment looks like a system dir
ok 306 - does NOT flag relative paths whose first segment looks like a system dir
  ---
  duration_ms: 0.248584
  type: 'test'
  ...
# Subtest: flags home-relative (~) paths as external
ok 307 - flags home-relative (~) paths as external
  ---
  duration_ms: 0.03525
  type: 'test'
  ...
# Subtest: resolver never prefixes an external path with the cabinet
ok 308 - resolver never prefixes an external path with the cabinet
  ---
  duration_ms: 0.028125
  type: 'test'
  ...
# Subtest: buildPath: globals
ok 309 - buildPath: globals
  ---
  duration_ms: 0.466666
  type: 'test'
  ...
# Subtest: buildPath: content mirrors the file tree (no /data/, no doubling)
ok 310 - buildPath: content mirrors the file tree (no /data/, no doubling)
  ---
  duration_ms: 0.066125
  type: 'test'
  ...
# Subtest: buildPath: cabinet views behind the /-/ marker
ok 311 - buildPath: cabinet views behind the /-/ marker
  ---
  duration_ms: 0.065917
  type: 'test'
  ...
# Subtest: parsePath: globals
ok 312 - parsePath: globals
  ---
  duration_ms: 0.982167
  type: 'test'
  ...
# Subtest: parsePath: deep content is a single content route
ok 313 - parsePath: deep content is a single content route
  ---
  duration_ms: 0.4975
  type: 'test'
  ...
# Subtest: parsePath: /-/ marker splits cabinet from view at any depth
ok 314 - parsePath: /-/ marker splits cabinet from view at any depth
  ---
  duration_ms: 0.2115
  type: 'test'
  ...
# Subtest: round-trip: parsePath(buildPath(x)) is stable for nested paths
ok 315 - round-trip: parsePath(buildPath(x)) is stable for nested paths
  ---
  duration_ms: 0.1675
  type: 'test'
  ...
# Subtest: a content path that itself contains 'tasks'/'agents' is not mis-split
ok 316 - a content path that itself contains 'tasks'/'agents' is not mis-split
  ---
  duration_ms: 0.040709
  type: 'test'
  ...
# Subtest: dynamic + not hydrated: an unknown saved id is preserved, not snapped to models[0]
ok 317 - dynamic + not hydrated: an unknown saved id is preserved, not snapped to models[0]
  ---
  duration_ms: 0.3755
  type: 'test'
  ...
# Subtest: dynamic + not hydrated: fallbackModel is preserved when no requestedModel
ok 318 - dynamic + not hydrated: fallbackModel is preserved when no requestedModel
  ---
  duration_ms: 0.065125
  type: 'test'
  ...
# Subtest: dynamic + not hydrated: a direct match still wins over the preserve guard
ok 319 - dynamic + not hydrated: a direct match still wins over the preserve guard
  ---
  duration_ms: 0.041
  type: 'test'
  ...
# Subtest: dynamic + hydrated: unknown id snaps to models[0] (real list is authoritative)
ok 320 - dynamic + hydrated: unknown id snaps to models[0] (real list is authoritative)
  ---
  duration_ms: 0.036791
  type: 'test'
  ...
# Subtest: non-dynamic provider: unchanged legacy behavior (unknown id → models[0])
ok 321 - non-dynamic provider: unchanged legacy behavior (unknown id → models[0])
  ---
  duration_ms: 0.035417
  type: 'test'
  ...
# Subtest: no models → undefined regardless of dynamic flag
ok 322 - no models → undefined regardless of dynamic flag
  ---
  duration_ms: 0.028959
  type: 'test'
  ...
# Subtest: search scoped to a room returns only that room's results
ok 323 - search scoped to a room returns only that room's results
  ---
  duration_ms: 1.086333
  type: 'test'
  ...
# Subtest: search from room A never returns room B
ok 324 - search from room A never returns room B
  ---
  duration_ms: 0.1245
  type: 'test'
  ...
# Subtest: fails closed when no room is resolved (no cross-room leak)
ok 325 - fails closed when no room is resolved (no cross-room leak)
  ---
  duration_ms: 0.252333
  type: 'test'
  ...
# Subtest: explicit includeOtherRooms returns results across rooms
ok 326 - explicit includeOtherRooms returns results across rooms
  ---
  duration_ms: 0.081916
  type: 'test'
  ...
# Subtest: nested cabinets within a room stay visible; siblings do not
ok 327 - nested cabinets within a room stay visible; siblings do not
  ---
  duration_ms: 0.203958
  type: 'test'
  ...
# Subtest: task routes use the short root alias for the root cabinet
ok 328 - task routes use the short root alias for the root cabinet
  ---
  duration_ms: 0.6795
  type: 'test'
  ...
# Subtest: task routes preserve cabinet scope for nested cabinets
ok 329 - task routes preserve cabinet scope for nested cabinets
  ---
  duration_ms: 0.127
  type: 'test'
  ...
# Subtest: parseAllowedUsers accepts comma/space separated numeric ids
ok 330 - parseAllowedUsers accepts comma/space separated numeric ids
  ---
  duration_ms: 0.684041
  type: 'test'
  ...
# Subtest: parseAllowedUsers drops junk, negatives, and dupes; empty input → []
ok 331 - parseAllowedUsers drops junk, negatives, and dupes; empty input → []
  ---
  duration_ms: 0.063667
  type: 'test'
  ...
# Subtest: parseAtMention extracts slug + rest and lowercases the slug
ok 332 - parseAtMention extracts slug + rest and lowercases the slug
  ---
  duration_ms: 0.1745
  type: 'test'
  ...
# Subtest: parseAtMention rejects bare @slug and non-mention text
ok 333 - parseAtMention rejects bare @slug and non-mention text
  ---
  duration_ms: 0.087208
  type: 'test'
  ...
# Subtest: escapeMarkdownV2 escapes every special character
ok 334 - escapeMarkdownV2 escapes every special character
  ---
  duration_ms: 0.059
  type: 'test'
  ...
# Subtest: renderMarkdownV2 converts bold, inline code, and links
ok 335 - renderMarkdownV2 converts bold, inline code, and links
  ---
  duration_ms: 0.201875
  type: 'test'
  ...
# Subtest: renderMarkdownV2 keeps fenced code blocks intact and escapes around them
ok 336 - renderMarkdownV2 keeps fenced code blocks intact and escapes around them
  ---
  duration_ms: 0.110667
  type: 'test'
  ...
# Subtest: chunkText is a no-op under the limit
ok 337 - chunkText is a no-op under the limit
  ---
  duration_ms: 0.060459
  type: 'test'
  ...
# Subtest: chunkText splits at paragraph boundaries and respects the limit
ok 338 - chunkText splits at paragraph boundaries and respects the limit
  ---
  duration_ms: 0.186375
  type: 'test'
  ...
# Subtest: chunkText reopens code fences across chunk boundaries
ok 339 - chunkText reopens code fences across chunk boundaries
  ---
  duration_ms: 0.267125
  type: 'test'
  ...
# Subtest: previewText flattens whitespace and truncates with an ellipsis
ok 340 - previewText flattens whitespace and truncates with an ellipsis
  ---
  duration_ms: 0.068667
  type: 'test'
  ...
# Subtest: splitBootBacklog drops stale updates and keeps fresh ones
ok 341 - splitBootBacklog drops stale updates and keeps fresh ones
  ---
  duration_ms: 0.0845
  type: 'test'
  ...
# Subtest: splitBootBacklog treats updates without a message date as stale
ok 342 - splitBootBacklog treats updates without a message date as stale
  ---
  duration_ms: 0.030834
  type: 'test'
  ...
# Subtest: rate limit allows a burst then trips, and the window rolls
ok 343 - rate limit allows a burst then trips, and the window rolls
  ---
  duration_ms: 0.086666
  type: 'test'
  ...
# Subtest: switchRoom clears the conversation pointer and cached orchestrator
ok 344 - switchRoom clears the conversation pointer and cached orchestrator
  ---
  duration_ms: 0.039041
  type: 'test'
  ...
# Subtest: markers are non-control, non-whitespace PUA codepoints
ok 345 - markers are non-control, non-whitespace PUA codepoints
  ---
  duration_ms: 0.377709
  type: 'test'
  ...
# Subtest: stripToolOutput removes a fenced region entirely
ok 346 - stripToolOutput removes a fenced region entirely
  ---
  duration_ms: 0.163042
  type: 'test'
  ...
# Subtest: stripToolOutput drops an unterminated (still-streaming) region
ok 347 - stripToolOutput drops an unterminated (still-streaming) region
  ---
  duration_ms: 0.0725
  type: 'test'
  ...
# Subtest: stripToolOutput is a no-op when there are no markers
ok 348 - stripToolOutput is a no-op when there are no markers
  ---
  duration_ms: 0.036333
  type: 'test'
  ...
# Subtest: parseTranscript keeps fenced output as a separate tool block
ok 349 - parseTranscript keeps fenced output as a separate tool block
  ---
  duration_ms: 0.362667
  type: 'test'
  ...
# Subtest: consecutive tool regions separated by whitespace merge with a step count
ok 350 - consecutive tool regions separated by whitespace merge with a step count
  ---
  duration_ms: 0.145291
  type: 'test'
  ...
# Subtest: prose between tool regions keeps them as distinct blocks
ok 351 - prose between tool regions keeps them as distinct blocks
  ---
  duration_ms: 0.189709
  type: 'test'
  ...
# Subtest: unterminated tool region (mid-stream) still collapses, not leaks
ok 352 - unterminated tool region (mid-stream) still collapses, not leaks
  ---
  duration_ms: 0.09525
  type: 'test'
  ...
# Subtest: transcript with no markers parses exactly as before
ok 353 - transcript with no markers parses exactly as before
  ---
  duration_ms: 0.155042
  type: 'test'
  ...
# Subtest: markdown bullet list is text, not a diff block
ok 354 - markdown bullet list is text, not a diff block
  ---
  duration_ms: 0.772458
  type: 'test'
  ...
# Subtest: English bullet list with dashes stays text
ok 355 - English bullet list with dashes stays text
  ---
  duration_ms: 0.202166
  type: 'test'
  ...
# Subtest: a real header-less hunk (has @@) still renders as a diff
ok 356 - a real header-less hunk (has @@) still renders as a diff
  ---
  duration_ms: 0.076375
  type: 'test'
  ...
# Subtest: a diff with +++/--- file markers still renders as a diff
ok 357 - a diff with +++/--- file markers still renders as a diff
  ---
  duration_ms: 0.049334
  type: 'test'
  ...
# Subtest: prose that happens to start lines with a dash is not a diff
ok 358 - prose that happens to start lines with a dash is not a diff
  ---
  duration_ms: 0.095958
  type: 'test'
  ...
# Subtest: compareVersions sorts stable semver values correctly
ok 359 - compareVersions sorts stable semver values correctly
  ---
  duration_ms: 0.375166
  type: 'test'
  ...
# Subtest: isStableVersion only accepts plain stable semver
ok 360 - isStableVersion only accepts plain stable semver
  ---
  duration_ms: 0.05825
  type: 'test'
  ...
# Subtest: bundled release manifest stays aligned with the local package version
ok 361 - bundled release manifest stays aligned with the local package version
  ---
  duration_ms: 3.054417
  type: 'test'
  ...
# Subtest: detectInstallKind respects explicit environment hints first
ok 362 - detectInstallKind respects explicit environment hints first
  ---
  duration_ms: 0.2035
  type: 'test'
  ...
# Subtest: inferElectronInstallKind maps Windows and macOS runtimes distinctly
ok 363 - inferElectronInstallKind maps Windows and macOS runtimes distinctly
  ---
  duration_ms: 0.0545
  type: 'test'
  ...
# Subtest: normalizeVirtualPath converts Windows separators to cabinet paths
ok 364 - normalizeVirtualPath converts Windows separators to cabinet paths
  ---
  duration_ms: 0.384542
  type: 'test'
  ...
# Subtest: buildPageApiUrl normalizes and encodes page paths
ok 365 - buildPageApiUrl normalizes and encodes page paths
  ---
  duration_ms: 0.073667
  type: 'test'
  ...
1..365
# tests 374
# suites 3
# pass 374
# fail 0
# cancelled 0
# skipped 0
# todo 0
# duration_ms 4363.624584
